// Vitest Snapshot v1, https://vitest.dev/guide/snapshot.html

exports[`toggle 1`] = `
.c3 {
  margin: 0;
  padding: 0;
  position: absolute;
  width: 100%;
  height: 100%;
  opacity: 0;
  cursor: inherit;
  z-index: 1;
}

.c6 {
  position: absolute;
  left: -1px;
  top: -2px;
  color: inherit;
  opacity: 0;
  -webkit-transition: opacity 0.3s;
  transition: opacity 0.3s;
  z-index: 0;
}

.c0 {
  display: inline-block;
  position: relative;
  width: 24px;
  height: 24px;
  color: #DE0000;
  background-color: #FFFFFF;
  border: 2px solid #DE0000;
  border-radius: 4px;
  cursor: pointer;
  z-index: 2;
}

.c0 .c2:checked~.c4 {
  opacity: 1;
}

.c7 {
  width: 16px;
  height: 16px;
  border-radius: 50%;
  top: 50%;
  left: 4px;
  -webkit-translate: 0 -50%;
  -moz-translate: 0 -50%;
  -ms-translate: 0 -50%;
  translate: 0 -50%;
  opacity: 1;
  -webkit-transition: translate 0.3s;
  transition: translate 0.3s;
}

.c8 .c5 {
  background-color: var(--innerColor);
}

.c8 .c5 {
  -webkit-translate: 100% -50%;
  -moz-translate: 100% -50%;
  -ms-translate: 100% -50%;
  translate: 100% -50%;
}

.c1 {
  --toggleBg: #A5A5A7;
  --checkedBg: #B693FF;
  --innerColor: #FFFFFF;
  width: 40px;
  border-radius: 20px;
  background-color: var(--toggleBg);
  border: none;
  -webkit-transition: background-color 0.3s;
  transition: background-color 0.3s;
}

.c1 .c5 {
  background-color: var(--innerColor);
}

<span
  class="c0 c1 easy_toggle-wrap"
>
  <input
    checked=""
    class="c2 c3 easy_toggle-item"
    id=":r0:"
    type="checkbox"
  />
  <span
    class="c4 c5 c6 c7 easy_toggle-inner"
  />
</span>
`;
