// Vitest Snapshot v1, https://vitest.dev/guide/snapshot.html

exports[`set position of popover 1`] = `
.c1 {
  display: flex;
  align-items: center;
  justify-content: center;
  text-align: center;
  gap: 9px;
  margin: 0;
  border: none;
  transition: background-color 0.3s;
  color: #FFFFFF;
  font-size: 13px;
  line-height: 1.9;
  font-weight: 800;
  text-transform: uppercase;
  cursor: pointer;
  user-select: none;
  background-color: #25DBA7;
  padding: 12px 30px;
  min-width: 180px;
}

.c1:hover {
  background-color: #1FBA8E;
}

.c1:focus-visible,
.c1:active {
  background-color: #1B9E79;
}

.c1:disabled {
  background-color: #9AEED6;
  cursor: not-allowed;
}

.c4 {
  margin: 0;
  padding: 0;
  font-variation-settings: 'wdth' 144,'GRAD' 20,'slnt' 0,'xtra' 468,'xopq' 96,'yopq' 79,'ytlc' 514,'ytuc' 712,'ytas' 750,'ytde' -203,'ytfi' 738;
  line-height: 1.2;
  font-size: 12px;
  font-weight: 600;
}

.c0 {
  width: fit-content;
}

.c3 {
  display: block;
  padding: 8px 16px;
  color: #FFFFFF;
  background-color: #C8AEFF;
  border-radius: 8px 8px 0 0;
}

.c6 {
  background-color: #FFFFFF;
  color: #676769;
  font-size: 12px;
  font-weight: 130;
  font-variation-settings: 'wdth' 61,'GRAD' 0,'slnt' 0,'XTRA' 468,'XOPQ' 96,'YOPQ' 79,'YTLC' 514,'YTUC' 712,'YTAS' 750,'YTDE' -203,'YTFI' 738;
}

.c7,
.c8::before {
  position: absolute;
  z-index: -1;
  width: 10px;
  height: 10px;
  background-color: #FFFFFF;
  box-shadow: 0 2px 7px 0 rgba(0, 0, 0, 0.07);
}

.c7 {
  visibility: hidden;
}

.c8::before {
  visibility: visible;
  content: '';
  transform: rotate(45deg);
}

.c2 {
  max-width: 210px;
  border-radius: 8px 8px 6px 6px;
  box-shadow: 0 2px 7px 0 rgba(0, 0, 0, 0.07);
  opacity: 0;
}

.c2 .c5 {
  padding: 8px 16px;
  border-radius: 0 0 6px 6px;
}

.c2[data-show] {
  opacity: 1;
}

.c2[data-popper-placement^='top']>.c7 {
  bottom: -4px;
}

.c2[data-popper-placement^='bottom']>.c7 {
  top: -4px;
}

.c2[data-popper-placement^='left']>.c7 {
  right: -4px;
}

.c2[data-popper-placement^='right']>.c7 {
  left: -4px;
}

@media (max-width: 1200px) {
  .c4 {
    font-weight: 500;
  }
}

<div>
  <div
    class="c0"
  >
    <button
      class="c1"
      type="button"
    >
      Open popover
    </button>
  </div>
  <div
    class="c2"
    data-show=""
    style="position: absolute; left: 0px; top: 0px;"
  >
    <span
      class="c3"
    >
      <span
        class="c4"
        level="5"
      >
        Header Popover
      </span>
    </span>
    <div
      class="c5 c6"
    >
      No depending be convinced in unfeeling he. Excellence she unaffected and too sentiments her. 
    </div>
    <div
      class="c7 c8"
      style="position: absolute;"
    />
  </div>
</div>
`;
