// Vitest Snapshot v1, https://vitest.dev/guide/snapshot.html

exports[` 1`] = `
.c0 {
  --transitionTiming: 0.3s;
  --transition: color var(--transitionTiming),background-color var(--transitionTiming),box-shadow var(--transitionTiming),border-color var(--transitionTiming);
}

.c0 .react-select__control {
  position: relative;
  height: 56px;
  padding: 0 16px;
  font-size: 16px;
  font-weight: 125;
  font-variation-settings: 'wdth' 110,'GRAD' 0,'slnt' 0,'XTRA' 468,'XOPQ' 96,'YOPQ' 79,'YTLC' 514,'YTUC' 712,'YTAS' 750,'YTDE' -203,'YTFI' 738;
  background-color: #FFFFFF;
  border: 1px solid #C3C3C5;
  border-radius: 8px;
  color: #272729;
  -webkit-transition: var(--transition);
  transition: var(--transition);
  z-index: 2;
  gap: 6px;
}

.c0 .react-select__control:hover {
  cursor: pointer;
}

.c0 .react-select__control:hover,
.c0 .react-select__control:active,
.c0 .react-select__control:focus-within {
  box-shadow: 0 0px 4px 0 rgba(119, 177, 237, 0.81);
  border-color: #9CC4F2;
}

.c0 .react-select__control:has(.react-select__value-container--has-value) {
  border-color: #9CC4F2;
}

.c0 .react-select__control .icon-indicator {
  -webkit-transition: -webkit-transform var(--transitionTiming);
  transition: transform var(--transitionTiming);
  color: inherit;
}

.c0 .react-select__control--menu-is-open .icon-indicator,
.c0 .react-select__control--menu-is-open .react-select__dropdown-indicator {
  -webkit-transform: rotate(90deg);
  -moz-transform: rotate(90deg);
  -ms-transform: rotate(90deg);
  transform: rotate(90deg);
}

.c0 .react-select__control--is-disabled,
.c0 .react-select__control--is-disabled:has(.react-select__value-container--has-value) {
  color: #A5A5A7;
  border: 1px solid #C3C3C5;
  pointer-events: none;
}

.c0 .react-select__placeholder {
  font-size: 16px;
  font-weight: 125;
  font-variation-settings: 'wdth' 110,'GRAD' 0,'slnt' 0,'XTRA' 468,'XOPQ' 96,'YOPQ' 79,'YTLC' 514,'YTUC' 712,'YTAS' 750,'YTDE' -203,'YTFI' 738;
  color: inherit;
}

.c0 .react-select__indicator-separator {
  display: none;
}

.c0 .react-select__menu {
  margin-top: 8px;
  border: 1px solid #C7DEF8;
  border-radius: 8px;
  background-color: #FFFFFF;
  overflow: hidden;
}

.c0 .react-select__menu-list {
  --scrollbarColor: #C3C3C5;
  overflow: auto;
  scrollbar-face-color: var(--scrollbarColor);
  scrollbar-face-color: var(--scrollbarColor);
  scrollbar-track-color: transparent;
  scrollbar-arrow-color: var(--scrollbarColor);
  scrollbar-shadow-color: var(--scrollbarColor);
  scrollbar-dark-shadow-color: var(--scrollbarColor);
  scrollbar-width: thin;
  scrollbar-color: var(--scrollbarColor) transparent;
  margin-right: 4px;
  -webkit-scrollbar-gutter: stable;
  -ms-scrollbar-gutter: stable;
  scrollbar-gutter: stable;
}

.c0 .react-select__menu-list::-webkit-scrollbar-track {
  border-radius: 4px;
  background-color: transparent;
  -webkit-background-clip: content-box;
  background-clip: content-box;
}

.c0 .react-select__menu-list::-webkit-scrollbar {
  width: 8px;
  height: 8px;
  background-color: #FFFFFF;
}

.c0 .react-select__menu-list::-webkit-scrollbar-thumb {
  border-radius: 4px;
  background-color: var(--scrollbarColor);
}

.c0 .react-select__menu-notice--no-options {
  padding: 0 16px;
  text-align: left;
  color: #676769;
  font-size: 12px;
  font-weight: 450;
  font-variation-settings: 'wdth' 131,'GRAD' 0,'slnt' 0,'XTRA' 468,'XOPQ' 96,'YOPQ' 79,'YTLC' 514,'YTUC' 712,'YTAS' 750,'YTDE' -203,'YTFI' 738;
}

.c0 .react-select__menu-notice--loading {
  padding: 16px;
  color: #676769;
  font-size: 12px;
  font-weight: 450;
  font-variation-settings: 'wdth' 131,'GRAD' 0,'slnt' 0,'XTRA' 468,'XOPQ' 96,'YOPQ' 79,'YTLC' 514,'YTUC' 712,'YTAS' 750,'YTDE' -203,'YTFI' 738;
}

.c0 .react-select__menu:has(.react-select__menu-notice--no-options) {
  border: 1px solid transparent;
}

.c0 .react-select__option {
  height: 56px;
  padding: 0 16px;
  display: -webkit-box;
  display: -webkit-flex;
  display: -ms-flexbox;
  display: flex;
  -webkit-box-pack: justify;
  -webkit-justify-content: space-between;
  justify-content: space-between;
  -webkit-align-items: center;
  -webkit-box-align: center;
  -ms-flex-align: center;
  align-items: center;
  font-size: 16px;
  font-weight: 125;
  font-variation-settings: 'wdth' 110,'GRAD' 0,'slnt' 0,'XTRA' 468,'XOPQ' 96,'YOPQ' 79,'YTLC' 514,'YTUC' 712,'YTAS' 750,'YTDE' -203,'YTFI' 738;
  color: inherit;
  -webkit-transition: var(--transition);
  transition: var(--transition);
}

.c0 .react-select__option .icon {
  display: none;
}

.c0 .react-select__option--is-selected .icon {
  display: block;
  color: #1A6BC7;
  -webkit-transition: var(--transition);
  transition: var(--transition);
}

.c0 .react-select__option--is-disabled {
  color: #C3C3C5;
  pointer-events: none;
}

.c0 .react-select__option:hover {
  cursor: pointer;
  background-color: #F6F6F8;
}

<body>
  <div>
    <div
      class="c0"
    >
      <div
        class="easy_select-container react-select__container css-b62m3t-container"
      >
        <span
          class="css-1f43avz-a11yText-A11yText"
          id="react-select-2-live-region"
        />
        <span
          aria-atomic="false"
          aria-live="polite"
          aria-relevant="additions text"
          class="css-1f43avz-a11yText-A11yText"
        />
        <div
          class="react-select__control css-cp01gg-control"
        >
          <div
            class="react-select__value-container css-1qpkzkj-ValueContainer"
          >
            <div
              class="react-select__placeholder css-1vlsb4t-placeholder"
              id="react-select-2-placeholder"
            >
              SELECT
            </div>
            <div
              class="react-select__input-container css-1q5atpo-Input"
              data-value=""
            >
              <input
                aria-autocomplete="list"
                aria-describedby="react-select-2-placeholder"
                aria-expanded="false"
                aria-haspopup="true"
                autocapitalize="none"
                autocomplete="off"
                autocorrect="off"
                class="react-select__input"
                id="react-select-2-input"
                role="combobox"
                spellcheck="false"
                style="opacity: 1; width: 100%; grid-area: 1 / 2; min-width: 2px; border: 0px; margin: 0px; outline: 0; padding: 0px;"
                tabindex="0"
                type="text"
                value=""
              />
            </div>
          </div>
          <div
            class="react-select__indicators css-1hb7zxy-IndicatorsContainer"
          >
            <span
              class="react-select__indicator-separator css-j4w2j1-indicatorSeparator"
            />
            <div
              aria-hidden="true"
              class="react-select__indicator react-select__dropdown-indicator css-g56vrd-indicatorContainer"
            >
              <div
                class="icon-indicator"
              >
                <div
                  class="material-symbols-rounded"
                >
                  arrow_drop_down
                </div>
              </div>
            </div>
          </div>
        </div>
      </div>
    </div>
  </div>
</body>
`;
